
=== Poiseuille N=136: 134 finite / 137 total ===
  -3003131.33877552+1824527.39327541i
  -4217.66671743+9023.14521167i
  +73543.19365326+7493.92763811i
  -5491.23404165+5479.12014963i
  +3567.91279066+3674.30110262i
  -133.29725931+2940.67203712i
  -93.07932775+2148.45700748i
  +67.82833397+2081.85887366i
  -2353.92400337+1781.45512746i
  -2612.07069713+1493.97176461i

=== Poiseuille N=160: 158 finite / 161 total ===
  +395133.98857111+936852.18492806i
  +41203.11771459+145508.74315965i
  -25605.00272321+40903.12664551i
  +18553.17063729+7588.94848347i
  +8009.93181083+6965.38329521i
  +14314.25292820+6075.48080579i
  -5089.78071832+3612.31941279i
  +979.50934556+2948.84787591i
  -5915.59145880+2593.44307732i
  +2174.16644078+2064.60353050i

=== tanh inviscid N=136 alpha=0.2: 134 finite / 137 total ===
  +9633.44395187+0.00000000i
  -1887.94826220-0.00000000i
  -1224.91389797-0.00000000i
  +355.73962462+0.00000000i
  -490.62608936-0.00000000i
  -112.89282227-0.00000000i
  -265.07078264-0.00000000i
  -43.52245002-0.00000000i
  +164.43046634+0.00000000i
  +18.54662693+0.00000000i

=== tanh inviscid N=136 alpha=0.35: 134 finite / 137 total ===
  +19971.83298944+0.00000000i
  -3882.28767683-0.00000000i
  +2378.52252786+0.00000000i
  -748.11491181-0.00000000i
  +930.08128675+0.00000000i
  -241.37229536-0.00000000i
  -487.61172559-0.00000000i
  -94.10151641-0.00000000i
  -294.29668814-0.00000000i
  +40.35409503+0.00000000i

=== tanh inviscid N=160 alpha=0.2: 158 finite / 161 total ===
  -14308.95622110-0.00000000i
  +2919.77191272+0.00000000i
  +1791.66408732+0.00000000i
  +581.11036108+0.00000000i
  -714.33200795-0.00000000i
  +197.53930087+0.00000000i
  +388.30996329+0.00000000i
  -82.25305835-0.00000000i
  +243.68449482+0.00000000i
  +37.99475248+0.00000000i

=== tanh inviscid N=160 alpha=0.35: 158 finite / 161 total ===
  -29487.77119038-0.00000000i
  +5971.60761110+0.00000000i
  -3495.88500324-0.00000000i
  -1211.18945554-0.00000000i
  +1366.68629617+0.00000000i
  +417.95037975+0.00000000i
  -724.45087645-0.00000000i
  +176.00325029+0.00000000i
  +444.27303186+0.00000000i
  +81.88375863+0.00000000i
