
=== alpha=0.2, R=1e+06, N=200 vs 184 ===
  c = -0.126457+1.606934i   N2-nearest +0.336113+1.259953i   delta=5.78e-01
  c = +0.108925+0.348448i   N2-nearest +0.277951+0.375614i   delta=1.71e-01
  c = -0.035122+0.134729i   N2-nearest -0.035951+0.076915i   delta=5.78e-02
  c = +0.128462+0.108454i   N2-nearest +0.138782+0.063361i   delta=4.63e-02
  c = -0.109586+0.077534i   N2-nearest -0.078383+0.033673i   delta=5.38e-02
  c = -0.005391+0.059128i   N2-nearest -0.035951+0.076915i   delta=3.54e-02

=== alpha=0.5, R=1e+06, N=200 vs 184 ===
  c = +0.133914+2.887017i   N2-nearest -0.361695+1.125632i   delta=1.83e+00
  c = +0.446868+1.949001i   N2-nearest -0.135454+1.032258i   delta=1.09e+00
  c = +0.045250+1.582881i   N2-nearest -0.135454+1.032258i   delta=5.80e-01
  c = +0.602035+0.964332i   N2-nearest +0.117820+0.508529i   delta=6.65e-01
  c = +1.102073+0.624730i   N2-nearest +1.379467+1.091668i   delta=5.43e-01
  c = +0.895289+0.330017i   N2-nearest +0.709396+0.166221i   delta=2.48e-01

=== alpha=1.0, R=1e+06, N=200 vs 184 ===
  c = +0.572851+2.324959i   N2-nearest +0.718101+2.101246i   delta=2.67e-01
  c = -0.302620+1.260731i   N2-nearest -0.422941+0.985671i   delta=3.00e-01
  c = +1.164030+0.855323i   N2-nearest +0.266427+0.304920i   delta=1.05e+00
  c = +0.067345+0.847519i   N2-nearest +0.107087+0.672127i   delta=1.80e-01
  c = -0.019349+0.570381i   N2-nearest +0.107087+0.672127i   delta=1.62e-01
  c = -0.083505+0.495482i   N2-nearest +0.107087+0.672127i   delta=2.60e-01

=== alpha=2.0, R=1e+06, N=200 vs 184 ===
  c = -0.214539+1.737281i   N2-nearest -0.324258+2.396245i   delta=6.68e-01
  c = -0.075067+1.065576i   N2-nearest +0.088749+0.874999i   delta=2.51e-01
  c = +0.662547+1.043557i   N2-nearest +0.088749+0.874999i   delta=5.98e-01
  c = -0.207861+0.219949i   N2-nearest -0.078594+0.214170i   delta=1.29e-01
  c = +0.085493+0.179464i   N2-nearest +0.031395+0.122643i   delta=7.85e-02
  c = +0.382883+0.134569i   N2-nearest +0.345729+0.262289i   delta=1.33e-01

=== alpha=4.0, R=1e+06, N=200 vs 184 ===
  c = +0.438299+2.909231i   N2-nearest +0.259751+1.535201i   delta=1.39e+00
  c = +0.834688+1.283326i   N2-nearest +0.259751+1.535201i   delta=6.28e-01
  c = +0.346951+0.494309i   N2-nearest +0.056100+0.114815i   delta=4.78e-01
  c = +0.279816+0.491769i   N2-nearest -0.040884+0.198123i   delta=4.35e-01
  c = -0.135565+0.221607i   N2-nearest -0.040884+0.198123i   delta=9.76e-02
  c = -0.088588+0.206317i   N2-nearest -0.040884+0.198123i   delta=4.84e-02

=== alpha=6.0, R=1e+06, N=200 vs 184 ===
  c = +0.543513+0.815652i   N2-nearest +0.654394+0.805928i   delta=1.11e-01
  c = -0.320921+0.533062i   N2-nearest +0.006420+0.547623i   delta=3.28e-01
  c = +0.248152+0.491886i   N2-nearest +0.394188+0.579699i   delta=1.70e-01
  c = -0.495943+0.416925i   N2-nearest -0.176968+0.050999i   delta=4.85e-01
  c = -0.260548+0.391766i   N2-nearest +0.006420+0.547623i   delta=3.09e-01
  c = -0.063465+0.341550i   N2-nearest +0.070215+0.239030i   delta=1.68e-01
