U range on g1: 6.06269137397493e-13 1.0  U'' max: 0.07663370919431754

=== viscous=False R=None alpha=0.3 ===
  +1.192986+0.000000i   nearest N2 +0.668132+0.000000i d=5.2e-01
  +0.800262+0.000000i   nearest N2 +0.668132+0.000000i d=1.3e-01
  +0.240280+0.000000i   nearest N2 +0.266155+0.000000i d=2.6e-02
  -0.157399-0.000000i   nearest N2 -0.164057-0.000000i d=6.7e-03
  -0.102187-0.000000i   nearest N2 -0.061481-0.000000i d=4.1e-02
  +0.065716+0.000000i   nearest N2 +0.099951+0.000000i d=3.4e-02
  -0.042699-0.000000i   nearest N2 -0.036564-0.000000i d=6.1e-03
  +0.027011+0.000000i   nearest N2 +0.002384+0.000000i d=2.5e-02

=== viscous=False R=None alpha=0.5 ===
  +0.751789+0.000000i   nearest N2 +0.635477+0.000000i d=1.2e-01
  +0.507143+0.000000i   nearest N2 +0.635477+0.000000i d=1.3e-01
  +0.346909+0.000000i   nearest N2 +0.102502+0.000000i d=2.4e-01
  +0.231394+0.000000i   nearest N2 +0.102502+0.000000i d=1.3e-01
  +0.153245+0.000000i   nearest N2 +0.102502+0.000000i d=5.1e-02
  +0.102117+0.000000i   nearest N2 +0.102502+0.000000i d=3.9e-04
  -0.066374-0.000000i   nearest N2 -0.062318-0.000000i d=4.1e-03
  +0.042720+0.000000i   nearest N2 +0.022679+0.000000i d=2.0e-02

=== viscous=False R=None alpha=1.0 ===
  +0.354686+0.000000i   nearest N2 +0.307316+0.000000i d=4.7e-02
  +0.239637+0.000000i   nearest N2 +0.198779+0.000000i d=4.1e-02
  +0.161573+0.000000i   nearest N2 +0.126200+0.000000i d=3.5e-02
  +0.108171+0.000000i   nearest N2 +0.126200+0.000000i d=1.8e-02
  -0.071425-0.000000i   nearest N2 -0.078762-0.000000i d=7.3e-03
  +0.046676+0.000000i   nearest N2 +0.048403+0.000000i d=1.7e-03
  -0.030481-0.000000i   nearest N2 -0.009434-0.000000i d=2.1e-02
  -0.019558-0.000000i   nearest N2 -0.009434-0.000000i d=1.0e-02

=== viscous=True R=100.0 alpha=0.3 ===
  +0.304797+0.471170i   nearest N2 +0.178630+0.164948i d=3.3e-01
  +0.050822+0.349076i   nearest N2 +0.178630+0.164948i d=2.2e-01
  +0.472118-0.239099i   nearest N2 +0.367725-0.648567i d=4.2e-01
  -0.153339-0.314944i   nearest N2 -0.142711-0.217095i d=9.8e-02
  +0.510103-0.410679i   nearest N2 +0.367725-0.648567i d=2.8e-01
  +0.267596-0.484025i   nearest N2 +0.367725-0.648567i d=1.9e-01

=== viscous=True R=100.0 alpha=0.5 ===
  +0.282944+0.484919i   nearest N2 +0.278047-0.225751i d=7.1e-01
  +0.294846-0.130240i   nearest N2 +0.278047-0.225751i d=9.7e-02
  +0.404458-1.031557i   nearest N2 +0.278047-0.225751i d=8.2e-01

=== viscous=True R=100.0 alpha=1.0 ===

=== viscous=True R=10000.0 alpha=0.3 ===
  +0.548270+0.672768i   nearest N2 +0.920606+0.295801i d=5.3e-01
  +0.422793+0.015591i   nearest N2 +0.374664+0.113594i d=1.1e-01
  +0.189164-0.780777i   nearest N2 -0.002340-1.080274i d=3.6e-01
  +0.587253-1.620126i   nearest N2 -0.002340-1.080274i d=8.0e-01

=== viscous=True R=10000.0 alpha=0.5 ===
  +0.242299+1.777218i   nearest N2 +0.029125+0.229164i d=1.6e+00
  +0.322396+0.496586i   nearest N2 +0.029125+0.229164i d=4.0e-01
  -0.121577+0.144466i   nearest N2 -0.126269+0.199799i d=5.6e-02
  +0.211423+0.125103i   nearest N2 +0.105602+0.100740i d=1.1e-01
  +0.034677-0.189990i   nearest N2 -0.178858-0.045318i d=2.6e-01
  +0.177103-0.236461i   nearest N2 +0.417761-0.365272i d=2.7e-01
  -0.040352-0.382255i   nearest N2 -0.178858-0.045318i d=3.6e-01
  -0.143439-0.438944i   nearest N2 -0.057501-0.811092i d=3.8e-01

=== viscous=True R=10000.0 alpha=1.0 ===
  -0.016395+0.139764i   nearest N2 +0.033173+0.047955i d=1.0e-01
  +0.053069+0.108744i   nearest N2 +0.033173+0.047955i d=6.4e-02
  -0.000740+0.099053i   nearest N2 +0.033173+0.047955i d=6.1e-02
  +0.082425+0.062432i   nearest N2 +0.055241+0.025725i d=4.6e-02
  -0.110701-0.001345i   nearest N2 -0.117657-0.017328i d=1.7e-02
  +0.669035-0.167077i   nearest N2 +0.592749-0.160720i d=7.7e-02
  +0.128224-0.187901i   nearest N2 +0.061453-0.120593i d=9.5e-02
  +0.146091-0.254182i   nearest N2 +0.061453-0.120593i d=1.6e-01
